// Jest Snapshot v1, https://goo.gl/fbAQLP

exports[`App Counter should match snapshot 1`] = `
<DocumentFragment>
  <div
    class="app-counter"
  >
    <span
      aria-live="polite"
      class="app-counter__text"
      role="region"
    >
      Current Count: 10
    </span>
    <button
      aria-label="Increment counter"
      class="app-button"
    >
      Increment
    </button>
    <button
      aria-label="Decrement counter"
      class="app-button"
    >
      Decrement
    </button>
  </div>
</DocumentFragment>
`;
