// Jest Snapshot v1, https://goo.gl/fbAQLP

exports[`App should match snapshot 1`] = `
<DocumentFragment>
  <div
    class="appTemplate"
  >
    <header>
      <h1
        class="sr-only"
      >
        Vite React Test App
      </h1>
      <nav
        class="appNav"
      >
        <h2
          class="sr-only"
        >
          Site Navigation
        </h2>
        <a
          aria-current="page"
          aria-label="Navigate to Home Page"
          class="appLinkButton appLinkButtonActive appButton"
          href="/"
        >
          Home
        </a>
        <a
          aria-label="Navigate to Contact Page"
          class="appLinkButton appButton"
          href="/contact"
        >
          Contact
        </a>
      </nav>
    </header>
    <main
      class="appTemplatePage"
    >
      <section
        class="appCounter"
      >
        <h2
          aria-live="polite"
          class="appCounterText fs-600"
        >
          Current Count: 0
        </h2>
        <button
          aria-label="Increment counter"
          class="appButton"
          type="button"
        >
          Increment
        </button>
        <button
          aria-label="Decrement counter"
          class="appButton"
          type="button"
        >
          Decrement
        </button>
      </section>
    </main>
    <footer />
  </div>
</DocumentFragment>
`;
