// Jest Snapshot v1, https://goo.gl/fbAQLP

exports[`App Home should match snapshot 1`] = `
<DocumentFragment>
  <section
    class="appCounter"
  >
    <h2
      aria-live="polite"
      class="appCounterText fs-600"
    >
      Current Count: 0
    </h2>
    <button
      aria-label="Increment counter"
      class="appButton"
      type="button"
    >
      Increment
    </button>
    <button
      aria-label="Decrement counter"
      class="appButton"
      type="button"
    >
      Decrement
    </button>
  </section>
</DocumentFragment>
`;
